val fix: forall a2 a3. (a2 -> a3) -> a3
val it: int -> int
val it: int = 3628800
